[2m[31mmy msgmy msgmy msgmy msgmy msgmy msgmy msgmy msgmy msgmy msgmy msg[0m    [1mabc=ABC tata=TATATATATATATATATATATATATATATATATATATATATATATATATATATATATATATATATATATATATATATA tete=TETETETE titi=TITITITI toto=TOTâ€¦ 
[0m