[90m10:17AM[0m [31mPANIC[0m [31mmy msg[0m    [1mabc=ABC tata=TATATATATATATATATATATATATATATATATATATATATATATATATATATATATATATATATATATATATATATA tete=TETETETE titi=TITITITI toto=TOTOTO[0m[0m                                             
