[2m[31mmy msgmy msgmy msgmy msgmy msgmy msgmy msgmy msgmy msgmy msgmy msg[0m    [1mabc=ABC tata=TATATATATATATATATATATATATATATATATATATATATATATATATATATâ€¦
[0m