[2m[31mmy msgmy msgmy msgmy msgmy msgmy msgmy msgmy msgmy msgmy msgmy msg[0m    [1mabc=ABC tata=TATATATATATATATATATATATATATATATATATATATATATATATATATATATATATATATATATATATATATATA tete=TETETETE titi=TITITITI toto=TOTOTO tutu=TUTUTUTU[0m[0m                                                                                                                                                                                                                                                                                                                                                                                                                                                                                                                                                                                                                                                                                                                                                                                                                 
[0m