[
  {
    "role": "user",
    "content": "You are an expert go programmer. You have access to a workspace.\nUse the read, write, build tools to complete the following assignment.\nDo not try to access the container directly.\nDon't stop until your code builds.\n\nAssignment: write a hello world program\n",
    "token_usage": {
      "InputTokens": 0,
      "OutputTokens": 0,
      "TotalTokens": 0
    }
  },
  {
    "role": "assistant",
    "content": "",
    "tool_calls": [
      {
        "id": "call_tJCAiWyEwQCJpWEiFgIP01k1",
        "function": {
          "name": "read",
          "arguments": {
            "path": "main.go"
          }
        },
        "type": "function"
      }
    ],
    "token_usage": {
      "InputTokens": 160,
      "OutputTokens": 15,
      "TotalTokens": 175
    }
  },
  {
    "role": "user",
    "content": "lstat /app/main.go: no such file or directory",
    "tool_call_id": "call_tJCAiWyEwQCJpWEiFgIP01k1",
    "tool_errored": true,
    "token_usage": {
      "InputTokens": 0,
      "OutputTokens": 0,
      "TotalTokens": 0
    }
  },
  {
    "role": "assistant",
    "content": "",
    "tool_calls": [
      {
        "id": "call_kPvBCpQCn69s9OQOvrdiaWc1",
        "function": {
          "name": "write",
          "arguments": {
            "content": "package main\n\nimport \"fmt\"\n\nfunc main() {\n    fmt.Println(\"Hello, World!\")\n}\n",
            "path": "main.go"
          }
        },
        "type": "function"
      }
    ],
    "token_usage": {
      "InputTokens": 195,
      "OutputTokens": 46,
      "TotalTokens": 241
    }
  },
  {
    "role": "user",
    "content": "ok",
    "tool_call_id": "call_kPvBCpQCn69s9OQOvrdiaWc1",
    "token_usage": {
      "InputTokens": 0,
      "OutputTokens": 0,
      "TotalTokens": 0
    }
  },
  {
    "role": "assistant",
    "content": "",
    "tool_calls": [
      {
        "id": "call_SfASd9cMfPPPLWL0R4O8FOwz",
        "function": {
          "name": "build",
          "arguments": {}
        },
        "type": "function"
      }
    ],
    "token_usage": {
      "InputTokens": 248,
      "OutputTokens": 10,
      "TotalTokens": 258
    }
  },
  {
    "role": "user",
    "content": "process \"go build ./...\" did not complete successfully: exit code: 1\n\n<_type>\n\"\\\"EXEC_ERROR\\\"\"\n</_type>\n\n<cmd>\n\"[\\\"go\\\",\\\"build\\\",\\\"./...\\\"]\"\n</cmd>\n\n<exitCode>\n\"1\"\n</exitCode>\n\n<stderr>\n\"\\\"pattern ./...: directory prefix . does not contain main module or its selected dependencies\\\"\"\n</stderr>\n\n<stdout>\n\"\\\"\\\"\"\n</stdout>",
    "tool_call_id": "call_SfASd9cMfPPPLWL0R4O8FOwz",
    "tool_errored": true,
    "token_usage": {
      "InputTokens": 0,
      "OutputTokens": 0,
      "TotalTokens": 0
    }
  },
  {
    "role": "assistant",
    "content": "",
    "tool_calls": [
      {
        "id": "call_p47Oc83RsxLXQ5MXKDSxJgJP",
        "function": {
          "name": "write",
          "arguments": {
            "content": "module hello\n\ngo 1.16\n",
            "path": "go.mod"
          }
        },
        "type": "function"
      }
    ],
    "token_usage": {
      "InputTokens": 359,
      "OutputTokens": 28,
      "TotalTokens": 387
    }
  },
  {
    "role": "user",
    "content": "ok",
    "tool_call_id": "call_p47Oc83RsxLXQ5MXKDSxJgJP",
    "token_usage": {
      "InputTokens": 0,
      "OutputTokens": 0,
      "TotalTokens": 0
    }
  },
  {
    "role": "assistant",
    "content": "",
    "tool_calls": [
      {
        "id": "call_wz4qjCoUB9tVYSGL9c0LP8Ov",
        "function": {
          "name": "build",
          "arguments": {}
        },
        "type": "function"
      }
    ],
    "token_usage": {
      "InputTokens": 394,
      "OutputTokens": 10,
      "TotalTokens": 404
    }
  },
  {
    "role": "user",
    "content": "null",
    "tool_call_id": "call_wz4qjCoUB9tVYSGL9c0LP8Ov",
    "token_usage": {
      "InputTokens": 0,
      "OutputTokens": 0,
      "TotalTokens": 0
    }
  },
  {
    "role": "assistant",
    "content": "The \"Hello, World!\" program has been successfully written and built. Here is the content of the program:\n\n```go\npackage main\n\nimport \"fmt\"\n\nfunc main() {\n    fmt.Println(\"Hello, World!\")\n}\n```",
    "token_usage": {
      "InputTokens": 411,
      "OutputTokens": 48,
      "TotalTokens": 459
    }
  }
]
