[
  {
    "role": "user",
    "content": "tell me the value of PATH and TERM in this container using just envVariable",
    "token_usage": {
      "InputTokens": 0,
      "OutputTokens": 0,
      "TotalTokens": 0
    }
  },
  {
    "role": "assistant",
    "content": "I can help you check those environment variables using the `Container_envVariable` function. I'll need to make two separate calls to check each variable.",
    "tool_calls": [
      {
        "id": "toolu_01GNrh7wiTtCcCqUYixutLHu",
        "function": {
          "name": "Container_envVariable",
          "arguments": {
            "name": "PATH"
          }
        },
        "type": "function"
      }
    ],
    "token_usage": {
      "InputTokens": 11849,
      "OutputTokens": 86,
      "TotalTokens": 11935
    }
  },
  {
    "role": "user",
    "content": "\"/usr/local/sbin:/usr/local/bin:/usr/sbin:/usr/bin:/sbin:/bin\"",
    "tool_call_id": "toolu_01GNrh7wiTtCcCqUYixutLHu",
    "token_usage": {
      "InputTokens": 0,
      "OutputTokens": 0,
      "TotalTokens": 0
    }
  },
  {
    "role": "assistant",
    "content": "",
    "tool_calls": [
      {
        "id": "toolu_012NeK2HiscYAVJBFdgrapx6",
        "function": {
          "name": "Container_envVariable",
          "arguments": {
            "name": "TERM"
          }
        },
        "type": "function"
      }
    ],
    "token_usage": {
      "InputTokens": 49,
      "OutputTokens": 56,
      "TotalTokens": 105
    }
  },
  {
    "role": "user",
    "content": "null",
    "tool_call_id": "toolu_012NeK2HiscYAVJBFdgrapx6",
    "token_usage": {
      "InputTokens": 0,
      "OutputTokens": 0,
      "TotalTokens": 0
    }
  },
  {
    "role": "assistant",
    "content": "I've checked both variables and found that:\n- PATH is set to \"/usr/local/sbin:/usr/local/bin:/usr/sbin:/usr/bin:/sbin:/bin\"\n- TERM is not set in the container (returned null)",
    "token_usage": {
      "InputTokens": 119,
      "OutputTokens": 61,
      "TotalTokens": 180
    }
  }
]