[
  {
    "role": "user",
    "content": "The variable \"assignment\" has been set to String.",
    "token_usage": {
      "InputTokens": 0,
      "OutputTokens": 0,
      "TotalTokens": 0
    }
  },
  {
    "role": "user",
    "content": "You are an expert go programmer. You have access to a workspace.\nUse the read, write, build tools to complete the following assignment.\nDo not try to access the container directly.\nDon't stop until your code builds.\n\nAssignment: write a hello world program\n",
    "token_usage": {
      "InputTokens": 0,
      "OutputTokens": 0,
      "TotalTokens": 0
    }
  },
  {
    "role": "assistant",
    "content": "",
    "tool_calls": [
      {
        "id": "call_HnE6roTq1PRFMW1zShNT1V8t",
        "function": {
          "name": "ToyWorkspace_read",
          "arguments": {}
        },
        "type": "function"
      }
    ],
    "token_usage": {
      "InputTokens": 297,
      "OutputTokens": 13,
      "TotalTokens": 310
    }
  },
  {
    "role": "user",
    "content": "failed to sync: select: lstat /app/main.go: no such file or directory",
    "tool_call_id": "call_HnE6roTq1PRFMW1zShNT1V8t",
    "tool_errored": true,
    "token_usage": {
      "InputTokens": 0,
      "OutputTokens": 0,
      "TotalTokens": 0
    }
  },
  {
    "role": "assistant",
    "content": "",
    "tool_calls": [
      {
        "id": "call_UV5rs6KivKm3h8FOBIQb7Gqi",
        "function": {
          "name": "ToyWorkspace_write",
          "arguments": {
            "content": "package main\n\nimport \"fmt\"\n\nfunc main() {\n    fmt.Println(\"Hello, World!\")\n}\n"
          }
        },
        "type": "function"
      }
    ],
    "token_usage": {
      "InputTokens": 338,
      "OutputTokens": 44,
      "TotalTokens": 382
    }
  },
  {
    "role": "user",
    "content": "ToyWorkspace@xxh3:268feb4345bf0383",
    "tool_call_id": "call_UV5rs6KivKm3h8FOBIQb7Gqi",
    "token_usage": {
      "InputTokens": 0,
      "OutputTokens": 0,
      "TotalTokens": 0
    }
  },
  {
    "role": "assistant",
    "content": "",
    "tool_calls": [
      {
        "id": "call_W3Mcdxgm16Ebfr6pJ6rrheQE",
        "function": {
          "name": "ToyWorkspace_build",
          "arguments": {}
        },
        "type": "function"
      }
    ],
    "token_usage": {
      "InputTokens": 404,
      "OutputTokens": 13,
      "TotalTokens": 417
    }
  },
  {
    "role": "user",
    "content": "null",
    "tool_call_id": "call_W3Mcdxgm16Ebfr6pJ6rrheQE",
    "token_usage": {
      "InputTokens": 0,
      "OutputTokens": 0,
      "TotalTokens": 0
    }
  },
  {
    "role": "assistant",
    "content": "The \"Hello, World!\" program has been successfully written and built in Go.",
    "token_usage": {
      "InputTokens": 426,
      "OutputTokens": 18,
      "TotalTokens": 444
    }
  }
]